// Jest Snapshot v1, https://goo.gl/fbAQLP

exports[`Renders "FlexRow" component 1`] = `
.c0 {
  display: -webkit-box;
  display: -webkit-flex;
  display: -ms-flexbox;
  display: flex;
}

.c0 > *:first-child {
  -webkit-box-flex: 1;
  -webkit-flex-grow: 1;
  -ms-flex-positive: 1;
  flex-grow: 1;
}

<div
  className="c0"
>
  FlexRow Test Text
</div>
`;
