// Jest Snapshot v1, https://goo.gl/fbAQLP

exports[`Renders "RemoveFilterButton" component 1`] = `
.c0 {
  color: #888888;
  margin-left: auto;
}

<div
  className="c0"
>
  RemoveFilterButton Test Text
</div>
`;
