// Jest Snapshot v1, https://goo.gl/fbAQLP

exports[`Renders "Spy" component 1`] = `
<div>
  Spy Test Text
</div>
`;
