// Jest Snapshot v1, https://goo.gl/fbAQLP

exports[`Renders "Button" component 1`] = `
.c0 {
  -webkit-transition: all 300ms ease-in-out;
  transition: all 300ms ease-in-out;
  font-size: 1rem;
  font-weight: 300;
  padding: 10px 10px;
  margin: 10px;
  color: #303030;
  box-shadow: 0px 2px 4px #aaa;
  text-transform: uppercase;
  background: transparent;
  cursor: pointer;
}

.c0:hover,
.c0:active,
.c0.active {
  box-shadow: 0px 0px 2px #aaa;
  color: #888888;
  background: #F3F3F3;
}

@media (min-width:768px) {
  .c0 {
    padding: 10px 30px;
  }
}

<div
  className="c0"
>
  Button Test Text
</div>
`;
