// Jest Snapshot v1, https://goo.gl/fbAQLP

exports[`Renders "Container" component 1`] = `
.c0 {
  padding: 0 20px;
  box-sizing: border-box;
  width: 100%;
}

<div
  className="c0"
>
  Container Test Text
</div>
`;
