// Jest Snapshot v1, https://goo.gl/fbAQLP

exports[`Renders "ImageGrid" component 1`] = `
.c0 {
  display: grid;
  grid-template-columns: repeat( auto-fit,minmax(20vh,40vh) );
  -webkit-box-pack: center;
  -webkit-justify-content: center;
  -ms-flex-pack: center;
  justify-content: center;
  grid-gap: 20px;
  margin: 30px 10px;
  -webkit-align-items: flex-start;
  -webkit-box-align: flex-start;
  -ms-flex-align: flex-start;
  align-items: flex-start;
  -webkit-align-content: start;
  -ms-flex-line-pack: start;
  align-content: start;
}

.c0 > * {
  -webkit-align-self: stretch;
  -ms-flex-item-align: stretch;
  align-self: stretch;
}

@media (min-width:768px) {
  .c0 {
    margin: 40px;
    grid-gap: 40px;
  }
}

<div
  className="c0"
>
  <img
    alt="Test image"
    src="/placeholder.png"
  />
  <img
    alt="Test image"
    src="/placeholder.png"
  />
  <img
    alt="Test image"
    src="/placeholder.png"
  />
  <img
    alt="Test image"
    src="/placeholder.png"
  />
  <img
    alt="Test image"
    src="/placeholder.png"
  />
  <img
    alt="Test image"
    src="/placeholder.png"
  />
</div>
`;
