// Jest Snapshot v1, https://goo.gl/fbAQLP

exports[`Renders "SidebarlayoutVariant" component 1`] = `
.c0 {
  display: -webkit-box;
  display: -webkit-flex;
  display: -ms-flexbox;
  display: flex;
  -webkit-align-items: stretch;
  -webkit-box-align: stretch;
  -ms-flex-align: stretch;
  align-items: stretch;
  -webkit-flex-direction: column;
  -ms-flex-direction: column;
  flex-direction: column;
}

@media (min-width:768px) {
  .c0 {
    -webkit-flex-direction: row;
    -ms-flex-direction: row;
    flex-direction: row;
  }

  .c0 > *:first-child {
    padding-top: 30px;
    -webkit-flex: 0 0 250px;
    -ms-flex: 0 0 250px;
    flex: 0 0 250px;
  }

  .c0 > *:last-child {
    -webkit-box-flex: 1;
    -webkit-flex-grow: 1;
    -ms-flex-positive: 1;
    flex-grow: 1;
  }
}

<div
  className="c0"
>
  <div>
    sidebar
  </div>
  <div>
    content
  </div>
</div>
`;
